======================================================================
FINAL MODEL TRAINING - adaptive tri-modal fusion
Device: cuda   Text=768D Audio=300D Video=512D -> 7 emotions
Modality dropout: starts text=40% audio=15% video=15%, then adapts each epoch from auxiliary-head accuracy
Modality-weight cap: penalty 1.0x for any weight above 60%
Auxiliary unimodal loss weight: 0.3
Sentiment auxiliary loss weight: 0.0
Graph attention fusion: DISABLED for this run (cross-modal + temporal + same-speaker edges, see models/graph_fusion.py)
======================================================================

======================================================================
TRAIN TRI-MODAL DATASET
======================================================================
TRAIN dialogues: 1038
TRAIN usable utterances: 9988
TRAIN feature vectors before alignment: 9989
TRAIN dialogues requiring feature truncation: 0
TRAIN dialogues with insufficient features: 0
TRAIN missing visual utterances: 1
TRAIN visual features loaded: 9988
TRAIN visual feature dimension: 512
======================================================================

======================================================================
VAL TRI-MODAL DATASET
======================================================================
VAL dialogues: 114
VAL usable utterances: 1108
VAL feature vectors before alignment: 1109
VAL dialogues requiring feature truncation: 0
VAL dialogues with insufficient features: 0
VAL missing visual utterances: 1
VAL visual features loaded: 1108
VAL visual feature dimension: 512
======================================================================

Class distribution & training weights:
  neutral   :  4709 (47.15%)  weight=0.500
  surprise  :  1205 (12.06%)  weight=0.712
  fear      :   268 ( 2.68%)  weight=1.736
  sadness   :   684 ( 6.85%)  weight=0.992
  joy       :  1743 (17.45%)  weight=0.592
  disgust   :   271 ( 2.71%)  weight=1.726
  anger     :  1108 (11.09%)  weight=0.742

Model parameters: 7,205,154

======================================================================
EPOCH 1/25  (lr=0.000300)
======================================================================
dropout probs (start of epoch, evolves per-batch during training): text=40%, audio=15%, video=15%
  step 200/1038  loss=0.7041  auxLoss=1.1874  sentLoss=1.1398  capPenalty=0.0000  entropy=1.0682  running_acc=0.4332
  step 400/1038  loss=0.3289  auxLoss=0.4366  sentLoss=1.8677  capPenalty=0.0000  entropy=1.0668  running_acc=0.4429
  step 600/1038  loss=0.7786  auxLoss=1.3966  sentLoss=1.1412  capPenalty=0.0000  entropy=1.0337  running_acc=0.4566
  step 800/1038  loss=1.1009  auxLoss=1.2806  sentLoss=1.3714  capPenalty=0.0000  entropy=1.0336  running_acc=0.4705
  step 1000/1038  loss=1.0236  auxLoss=1.7034  sentLoss=1.2821  capPenalty=0.0000  entropy=1.0327  running_acc=0.4776
train: loss=0.9581 acc=0.4821 macroF1=0.1669 weightedF1=0.3838 weightEntropy=1.0435/1.0986
train aux accuracy: text=0.5382, audio=0.4690, video=0.4669  sentiment_accuracy=0.2981
val:   loss=0.9369 acc=0.5280 macroF1=0.2448 weightedF1=0.4407  sentiment_accuracy=0.2834  (28s)
  -> new best model saved to /kaggle/temp/repo/models/ft_L1_control_s42.pt

======================================================================
EPOCH 2/25  (lr=0.000300)
======================================================================
dropout probs (start of epoch, evolves per-batch during training): text=19%, audio=15%, video=15%
  step 200/1038  loss=0.8833  auxLoss=1.3543  sentLoss=1.3312  capPenalty=0.0000  entropy=0.9918  running_acc=0.5426
  step 400/1038  loss=1.4375  auxLoss=2.0953  sentLoss=1.5761  capPenalty=0.0000  entropy=1.0936  running_acc=0.5594
  step 600/1038  loss=0.4357  auxLoss=1.1183  sentLoss=0.9257  capPenalty=0.0000  entropy=1.0569  running_acc=0.5667
  step 800/1038  loss=1.7783  auxLoss=2.3451  sentLoss=1.4039  capPenalty=0.0000  entropy=1.0014  running_acc=0.5626
  step 1000/1038  loss=1.9735  auxLoss=2.5120  sentLoss=1.5542  capPenalty=0.0000  entropy=1.0374  running_acc=0.5637
train: loss=0.8291 acc=0.5648 macroF1=0.2857 weightedF1=0.5162 weightEntropy=1.0094/1.0986
train aux accuracy: text=0.5866, audio=0.4777, video=0.4711  sentiment_accuracy=0.3159
val:   loss=0.8581 acc=0.5289 macroF1=0.2939 weightedF1=0.4859  sentiment_accuracy=0.1940  (27s)
  -> new best model saved to /kaggle/temp/repo/models/ft_L1_control_s42.pt

======================================================================
EPOCH 3/25  (lr=0.000300)
======================================================================
dropout probs (start of epoch, evolves per-batch during training): text=24%, audio=15%, video=15%
  step 200/1038  loss=0.6399  auxLoss=1.2647  sentLoss=0.8978  capPenalty=0.0000  entropy=1.0352  running_acc=0.5714
  step 400/1038  loss=1.1948  auxLoss=1.6159  sentLoss=1.1157  capPenalty=0.0000  entropy=1.0638  running_acc=0.5717
  step 600/1038  loss=0.6636  auxLoss=1.6112  sentLoss=1.2359  capPenalty=0.0000  entropy=1.0389  running_acc=0.5784
  step 800/1038  loss=0.3315  auxLoss=0.9654  sentLoss=1.0556  capPenalty=0.0000  entropy=0.9803  running_acc=0.5767
  step 1000/1038  loss=1.4089  auxLoss=1.3556  sentLoss=1.1256  capPenalty=0.0000  entropy=1.0289  running_acc=0.5786
train: loss=0.7963 acc=0.5816 macroF1=0.3218 weightedF1=0.5429 weightEntropy=1.0196/1.0986
train aux accuracy: text=0.6011, audio=0.4841, video=0.4715  sentiment_accuracy=0.3276
val:   loss=0.8493 acc=0.5587 macroF1=0.3474 weightedF1=0.5365  sentiment_accuracy=0.2626  (27s)
  -> new best model saved to /kaggle/temp/repo/models/ft_L1_control_s42.pt

======================================================================
EPOCH 4/25  (lr=0.000300)
======================================================================
dropout probs (start of epoch, evolves per-batch during training): text=23%, audio=15%, video=15%
  step 200/1038  loss=1.2743  auxLoss=2.1966  sentLoss=1.3459  capPenalty=0.0055  entropy=0.9601  running_acc=0.6045
  step 400/1038  loss=0.2947  auxLoss=1.1251  sentLoss=1.1098  capPenalty=0.0000  entropy=1.0109  running_acc=0.5890
  step 600/1038  loss=0.6241  auxLoss=1.2216  sentLoss=1.1148  capPenalty=0.0000  entropy=0.9912  running_acc=0.5905
  step 800/1038  loss=0.9836  auxLoss=1.5019  sentLoss=1.0144  capPenalty=0.0000  entropy=1.0303  running_acc=0.5897
  step 1000/1038  loss=0.7002  auxLoss=1.3302  sentLoss=1.0247  capPenalty=0.0000  entropy=1.0617  running_acc=0.5895
train: loss=0.7734 acc=0.5908 macroF1=0.3494 weightedF1=0.5626 weightEntropy=1.0164/1.0986
train aux accuracy: text=0.6059, audio=0.4922, video=0.4715  sentiment_accuracy=0.3418
val:   loss=0.8098 acc=0.5758 macroF1=0.3164 weightedF1=0.5172  sentiment_accuracy=0.2590  (27s)
  no improvement (1/6)

======================================================================
EPOCH 5/25  (lr=0.000300)
======================================================================
dropout probs (start of epoch, evolves per-batch during training): text=23%, audio=15%, video=15%
  step 200/1038  loss=0.7158  auxLoss=1.5804  sentLoss=0.9246  capPenalty=0.0000  entropy=0.9946  running_acc=0.6119
  step 400/1038  loss=0.3350  auxLoss=1.0066  sentLoss=1.1355  capPenalty=0.0000  entropy=0.9799  running_acc=0.5968
  step 600/1038  loss=0.5235  auxLoss=1.0064  sentLoss=1.2101  capPenalty=0.0000  entropy=1.0267  running_acc=0.5898
  step 800/1038  loss=1.0306  auxLoss=1.6709  sentLoss=1.1476  capPenalty=0.0000  entropy=1.0505  running_acc=0.5921
  step 1000/1038  loss=0.0200  auxLoss=0.0700  sentLoss=1.2790  capPenalty=0.0000  entropy=0.9509  running_acc=0.5996
train: loss=0.7464 acc=0.5989 macroF1=0.3564 weightedF1=0.5696 weightEntropy=1.0225/1.0986
train aux accuracy: text=0.6088, audio=0.4912, video=0.4715  sentiment_accuracy=0.3145
val:   loss=0.7825 acc=0.5921 macroF1=0.3765 weightedF1=0.5699  sentiment_accuracy=0.2356  (27s)
  -> new best model saved to /kaggle/temp/repo/models/ft_L1_control_s42.pt

======================================================================
EPOCH 6/25  (lr=0.000300)
======================================================================
dropout probs (start of epoch, evolves per-batch during training): text=25%, audio=15%, video=15%
  step 200/1038  loss=1.0154  auxLoss=1.7982  sentLoss=1.1549  capPenalty=0.0000  entropy=1.0161  running_acc=0.6193
  step 400/1038  loss=1.9458  auxLoss=2.2986  sentLoss=1.3195  capPenalty=0.0000  entropy=1.0019  running_acc=0.6240
  step 600/1038  loss=0.6630  auxLoss=1.8191  sentLoss=1.6733  capPenalty=0.0000  entropy=1.0284  running_acc=0.6180
  step 800/1038  loss=1.3073  auxLoss=1.8744  sentLoss=1.2959  capPenalty=0.0000  entropy=0.9719  running_acc=0.6174
  step 1000/1038  loss=0.0067  auxLoss=0.2494  sentLoss=1.0798  capPenalty=0.0000  entropy=0.9844  running_acc=0.6127
train: loss=0.7183 acc=0.6123 macroF1=0.3827 weightedF1=0.5874 weightEntropy=1.0138/1.0986
train aux accuracy: text=0.6189, audio=0.4896, video=0.4715  sentiment_accuracy=0.2880
val:   loss=0.7635 acc=0.5794 macroF1=0.3568 weightedF1=0.5379  sentiment_accuracy=0.3213  (27s)
  no improvement (1/6)

======================================================================
EPOCH 7/25  (lr=0.000300)
======================================================================
dropout probs (start of epoch, evolves per-batch during training): text=23%, audio=15%, video=15%
  step 200/1038  loss=0.5300  auxLoss=1.0803  sentLoss=1.0938  capPenalty=0.0000  entropy=1.0217  running_acc=0.6238
  step 400/1038  loss=0.5611  auxLoss=1.3515  sentLoss=1.0385  capPenalty=0.0000  entropy=0.9994  running_acc=0.6343
  step 600/1038  loss=0.3963  auxLoss=1.1925  sentLoss=1.2204  capPenalty=0.0000  entropy=0.9785  running_acc=0.6304
  step 800/1038  loss=0.9078  auxLoss=1.4335  sentLoss=1.2295  capPenalty=0.0000  entropy=0.9734  running_acc=0.6218
  step 1000/1038  loss=1.7127  auxLoss=1.8642  sentLoss=1.1661  capPenalty=0.0000  entropy=0.9594  running_acc=0.6198
train: loss=0.7036 acc=0.6181 macroF1=0.3920 weightedF1=0.5941 weightEntropy=0.9984/1.0986
train aux accuracy: text=0.6343, audio=0.4952, video=0.4712  sentiment_accuracy=0.3154
val:   loss=0.7453 acc=0.5875 macroF1=0.4380 weightedF1=0.5809  sentiment_accuracy=0.2383  (27s)
  -> new best model saved to /kaggle/temp/repo/models/ft_L1_control_s42.pt

======================================================================
EPOCH 8/25  (lr=0.000300)
======================================================================
dropout probs (start of epoch, evolves per-batch during training): text=25%, audio=15%, video=15%
  step 200/1038  loss=0.9815  auxLoss=1.7284  sentLoss=1.6778  capPenalty=0.0000  entropy=1.0531  running_acc=0.6152
  step 400/1038  loss=0.0101  auxLoss=0.3709  sentLoss=1.2358  capPenalty=0.0000  entropy=0.9837  running_acc=0.6065
  step 600/1038  loss=0.4119  auxLoss=1.0054  sentLoss=1.0095  capPenalty=0.0002  entropy=0.9856  running_acc=0.6101
  step 800/1038  loss=0.1593  auxLoss=0.9049  sentLoss=0.9955  capPenalty=0.0000  entropy=1.0134  running_acc=0.6193
  step 1000/1038  loss=0.1222  auxLoss=0.9592  sentLoss=1.0497  capPenalty=0.0000  entropy=1.0416  running_acc=0.6189
train: loss=0.6882 acc=0.6160 macroF1=0.4077 weightedF1=0.5950 weightEntropy=1.0051/1.0986
train aux accuracy: text=0.6213, audio=0.4950, video=0.4709  sentiment_accuracy=0.2893
val:   loss=0.8167 acc=0.5749 macroF1=0.3707 weightedF1=0.5465  sentiment_accuracy=0.2771  (27s)
  no improvement (1/6)

======================================================================
EPOCH 9/25  (lr=0.000300)
======================================================================
dropout probs (start of epoch, evolves per-batch during training): text=25%, audio=15%, video=15%
  step 200/1038  loss=0.6715  auxLoss=1.2732  sentLoss=1.2862  capPenalty=0.0000  entropy=0.9409  running_acc=0.6465
  step 400/1038  loss=2.8274  auxLoss=2.1692  sentLoss=1.1750  capPenalty=0.0000  entropy=0.9662  running_acc=0.6320
  step 600/1038  loss=1.0079  auxLoss=1.9882  sentLoss=1.0938  capPenalty=0.0000  entropy=1.0098  running_acc=0.6262
  step 800/1038  loss=0.6820  auxLoss=1.2333  sentLoss=1.0233  capPenalty=0.0000  entropy=0.8736  running_acc=0.6255
  step 1000/1038  loss=0.3916  auxLoss=1.1409  sentLoss=1.3673  capPenalty=0.0000  entropy=1.0046  running_acc=0.6277
train: loss=0.6700 acc=0.6258 macroF1=0.4372 weightedF1=0.6067 weightEntropy=0.9986/1.0986
train aux accuracy: text=0.6338, audio=0.4923, video=0.4715  sentiment_accuracy=0.2931
val:   loss=0.7791 acc=0.5632 macroF1=0.3881 weightedF1=0.5462  sentiment_accuracy=0.1949  (27s)
  no improvement (2/6)

======================================================================
EPOCH 10/25  (lr=0.000300)
======================================================================
dropout probs (start of epoch, evolves per-batch during training): text=26%, audio=15%, video=15%
  step 200/1038  loss=0.5308  auxLoss=1.4220  sentLoss=1.1479  capPenalty=0.0000  entropy=0.9993  running_acc=0.6559
  step 400/1038  loss=3.3024  auxLoss=3.3623  sentLoss=1.3464  capPenalty=0.0000  entropy=0.9016  running_acc=0.6430
  step 600/1038  loss=0.0070  auxLoss=0.2557  sentLoss=1.3055  capPenalty=0.0000  entropy=1.0341  running_acc=0.6492
  step 800/1038  loss=1.5086  auxLoss=1.7794  sentLoss=0.8894  capPenalty=0.0000  entropy=1.0014  running_acc=0.6472
  step 1000/1038  loss=0.3551  auxLoss=1.0557  sentLoss=1.1545  capPenalty=0.0000  entropy=1.0281  running_acc=0.6444
train: loss=0.6312 acc=0.6456 macroF1=0.4713 weightedF1=0.6306 weightEntropy=0.9911/1.0986
train aux accuracy: text=0.6503, audio=0.4992, video=0.4716  sentiment_accuracy=0.3005
val:   loss=0.7744 acc=0.5821 macroF1=0.4334 weightedF1=0.5723  sentiment_accuracy=0.3484  (27s)
  no improvement (3/6)

======================================================================
EPOCH 11/25  (lr=0.000150)
======================================================================
dropout probs (start of epoch, evolves per-batch during training): text=26%, audio=15%, video=15%
  step 200/1038  loss=0.4562  auxLoss=1.1586  sentLoss=1.0216  capPenalty=0.0000  entropy=1.0229  running_acc=0.6822
  step 400/1038  loss=0.1890  auxLoss=0.7267  sentLoss=1.2075  capPenalty=0.0000  entropy=1.0182  running_acc=0.6814
  step 600/1038  loss=0.0266  auxLoss=0.7498  sentLoss=1.0518  capPenalty=0.0000  entropy=0.9755  running_acc=0.6776
  step 800/1038  loss=0.0007  auxLoss=0.1742  sentLoss=1.7991  capPenalty=0.0000  entropy=0.9299  running_acc=0.6833
  step 1000/1038  loss=0.1881  auxLoss=0.7369  sentLoss=1.1134  capPenalty=0.0000  entropy=1.0161  running_acc=0.6823
train: loss=0.5466 acc=0.6803 macroF1=0.5359 weightedF1=0.6678 weightEntropy=0.9925/1.0986
train aux accuracy: text=0.6743, audio=0.5054, video=0.4722  sentiment_accuracy=0.3097
val:   loss=0.8476 acc=0.5379 macroF1=0.4093 weightedF1=0.5482  sentiment_accuracy=0.2924  (27s)
  no improvement (4/6)

======================================================================
EPOCH 12/25  (lr=0.000150)
======================================================================
dropout probs (start of epoch, evolves per-batch during training): text=28%, audio=15%, video=15%
  step 200/1038  loss=0.6235  auxLoss=1.6835  sentLoss=1.3913  capPenalty=0.0000  entropy=1.0115  running_acc=0.6920
  step 400/1038  loss=0.2565  auxLoss=0.9061  sentLoss=1.0792  capPenalty=0.0000  entropy=0.9883  running_acc=0.6899
  step 600/1038  loss=1.1383  auxLoss=2.1494  sentLoss=1.1067  capPenalty=0.0000  entropy=0.9959  running_acc=0.6991
  step 800/1038  loss=1.6065  auxLoss=1.8770  sentLoss=1.0351  capPenalty=0.0000  entropy=0.9759  running_acc=0.7029
  step 1000/1038  loss=0.7007  auxLoss=1.4268  sentLoss=0.9712  capPenalty=0.0000  entropy=0.9367  running_acc=0.7007
train: loss=0.5320 acc=0.6949 macroF1=0.5693 weightedF1=0.6849 weightEntropy=0.9848/1.0986
train aux accuracy: text=0.6871, audio=0.5038, video=0.4715  sentiment_accuracy=0.2940
val:   loss=0.8046 acc=0.5316 macroF1=0.4105 weightedF1=0.5436  sentiment_accuracy=0.2942  (27s)
  no improvement (5/6)

======================================================================
EPOCH 13/25  (lr=0.000150)
======================================================================
dropout probs (start of epoch, evolves per-batch during training): text=27%, audio=15%, video=15%
  step 200/1038  loss=2.1749  auxLoss=2.3558  sentLoss=1.1572  capPenalty=0.0000  entropy=0.9376  running_acc=0.6912
  step 400/1038  loss=0.5998  auxLoss=1.4029  sentLoss=1.1779  capPenalty=0.0000  entropy=1.0056  running_acc=0.6959
  step 600/1038  loss=0.2286  auxLoss=1.1054  sentLoss=0.9584  capPenalty=0.0000  entropy=1.0104  running_acc=0.6989
  step 800/1038  loss=0.6409  auxLoss=1.7698  sentLoss=1.4855  capPenalty=0.0000  entropy=0.9133  running_acc=0.6991
  step 1000/1038  loss=0.0023  auxLoss=0.6771  sentLoss=1.0053  capPenalty=0.0000  entropy=1.0003  running_acc=0.6954
train: loss=0.5076 acc=0.6978 macroF1=0.5746 weightedF1=0.6875 weightEntropy=0.9888/1.0986
train aux accuracy: text=0.6941, audio=0.5067, video=0.4718  sentiment_accuracy=0.2955
val:   loss=0.9213 acc=0.5686 macroF1=0.4301 weightedF1=0.5682  sentiment_accuracy=0.2581  (27s)
  no improvement (6/6)

Early stopping triggered.

======================================================================
TRAINING COMPLETE (5.9 min)
Best epoch: 7   Best val weighted F1: 0.5809
Checkpoint: /kaggle/temp/repo/models/ft_L1_control_s42.pt
======================================================================

Final validation class-wise report:
              precision    recall  f1-score   support

     neutral     0.7154    0.7719    0.7426       469
    surprise     0.6014    0.5733    0.5870       150
        fear     0.2027    0.3750    0.2632        40
     sadness     0.4918    0.2703    0.3488       111
         joy     0.5349    0.5644    0.5493       163
     disgust     0.4000    0.0909    0.1481        22
       anger     0.4354    0.4183    0.4267       153

    accuracy                         0.5875      1108
   macro avg     0.4831    0.4377    0.4380      1108
weighted avg     0.5876    0.5875    0.5809      1108

