======================================================================
FINAL MODEL TRAINING - adaptive tri-modal fusion
Device: cuda   Text=768D Audio=1024D Video=512D -> 7 emotions
Modality dropout: starts text=40% audio=15% video=15%, then adapts each epoch from auxiliary-head accuracy
Modality-weight cap: penalty 1.0x for any weight above 60%
Auxiliary unimodal loss weight: 0.3
Sentiment auxiliary loss weight: 0.0
Graph attention fusion: DISABLED for this run (cross-modal + temporal + same-speaker edges, see models/graph_fusion.py)
======================================================================

======================================================================
TRAIN TRI-MODAL DATASET
======================================================================
TRAIN dialogues: 1038
TRAIN usable utterances: 9988
TRAIN feature vectors before alignment: 9989
TRAIN dialogues requiring feature truncation: 0
TRAIN dialogues with insufficient features: 0
TRAIN missing visual utterances: 1
TRAIN visual features loaded: 9988
TRAIN visual feature dimension: 512
======================================================================

======================================================================
VAL TRI-MODAL DATASET
======================================================================
VAL dialogues: 114
VAL usable utterances: 1108
VAL feature vectors before alignment: 1109
VAL dialogues requiring feature truncation: 0
VAL dialogues with insufficient features: 0
VAL missing visual utterances: 1
VAL visual features loaded: 1108
VAL visual feature dimension: 512
======================================================================

Class distribution & training weights:
  neutral   :  4709 (47.15%)  weight=0.500
  surprise  :  1205 (12.06%)  weight=0.712
  fear      :   268 ( 2.68%)  weight=1.736
  sadness   :   684 ( 6.85%)  weight=0.992
  joy       :  1743 (17.45%)  weight=0.592
  disgust   :   271 ( 2.71%)  weight=1.726
  anger     :  1108 (11.09%)  weight=0.742

Model parameters: 8,687,906

======================================================================
EPOCH 1/25  (lr=0.000300)
======================================================================
dropout probs (start of epoch, evolves per-batch during training): text=40%, audio=15%, video=15%
  step 200/1038  loss=2.0777  auxLoss=2.0428  sentLoss=1.1125  capPenalty=0.0000  entropy=1.0925  running_acc=0.4427
  step 400/1038  loss=0.5371  auxLoss=1.0104  sentLoss=1.4908  capPenalty=0.0000  entropy=1.0427  running_acc=0.4455
  step 600/1038  loss=0.6406  auxLoss=1.1049  sentLoss=1.3116  capPenalty=0.0030  entropy=1.0104  running_acc=0.4518
  step 800/1038  loss=0.4976  auxLoss=1.1631  sentLoss=1.2876  capPenalty=0.0000  entropy=1.0107  running_acc=0.4699
  step 1000/1038  loss=0.0847  auxLoss=0.5659  sentLoss=1.5069  capPenalty=0.0000  entropy=1.0471  running_acc=0.4877
train: loss=0.9584 acc=0.4864 macroF1=0.1688 weightedF1=0.3840 weightEntropy=1.0516/1.0986
train aux accuracy: text=0.5351, audio=0.4667, video=0.4685  sentiment_accuracy=0.2553
val:   loss=0.8683 acc=0.5560 macroF1=0.2964 weightedF1=0.5009  sentiment_accuracy=0.3493  (29s)
  -> new best model saved to /kaggle/temp/repo/models/ft_L1_wavlm_mean_s42.pt

======================================================================
EPOCH 2/25  (lr=0.000300)
======================================================================
dropout probs (start of epoch, evolves per-batch during training): text=20%, audio=15%, video=15%
  step 200/1038  loss=0.8630  auxLoss=1.4540  sentLoss=1.2237  capPenalty=0.0002  entropy=0.9806  running_acc=0.5763
  step 400/1038  loss=1.5414  auxLoss=2.0807  sentLoss=1.1057  capPenalty=0.0000  entropy=1.0093  running_acc=0.5604
  step 600/1038  loss=0.3775  auxLoss=0.8352  sentLoss=1.3498  capPenalty=0.0000  entropy=0.9765  running_acc=0.5581
  step 800/1038  loss=1.2254  auxLoss=1.5703  sentLoss=1.1214  capPenalty=0.0038  entropy=0.9628  running_acc=0.5613
  step 1000/1038  loss=0.5041  auxLoss=1.3917  sentLoss=1.2937  capPenalty=0.0000  entropy=1.0502  running_acc=0.5598
train: loss=0.8421 acc=0.5622 macroF1=0.2811 weightedF1=0.5114 weightEntropy=1.0230/1.0986
train aux accuracy: text=0.5895, audio=0.4716, video=0.4715  sentiment_accuracy=0.2863
val:   loss=0.8188 acc=0.5650 macroF1=0.3127 weightedF1=0.5127  sentiment_accuracy=0.3195  (28s)
  -> new best model saved to /kaggle/temp/repo/models/ft_L1_wavlm_mean_s42.pt

======================================================================
EPOCH 3/25  (lr=0.000300)
======================================================================
dropout probs (start of epoch, evolves per-batch during training): text=25%, audio=15%, video=15%
  step 200/1038  loss=0.5658  auxLoss=1.6732  sentLoss=1.2112  capPenalty=0.0000  entropy=1.0213  running_acc=0.5688
  step 400/1038  loss=1.0847  auxLoss=1.8121  sentLoss=1.2023  capPenalty=0.0000  entropy=1.0752  running_acc=0.5551
  step 600/1038  loss=0.7607  auxLoss=1.5715  sentLoss=1.0766  capPenalty=0.0000  entropy=1.0234  running_acc=0.5632
  step 800/1038  loss=1.4098  auxLoss=2.0337  sentLoss=1.1263  capPenalty=0.0000  entropy=1.0015  running_acc=0.5646
  step 1000/1038  loss=1.1969  auxLoss=1.7999  sentLoss=1.1473  capPenalty=0.0000  entropy=1.0017  running_acc=0.5736
train: loss=0.7926 acc=0.5745 macroF1=0.3223 weightedF1=0.5371 weightEntropy=1.0211/1.0986
train aux accuracy: text=0.5948, audio=0.4759, video=0.4715  sentiment_accuracy=0.2871
val:   loss=0.7947 acc=0.5875 macroF1=0.3455 weightedF1=0.5412  sentiment_accuracy=0.3511  (28s)
  -> new best model saved to /kaggle/temp/repo/models/ft_L1_wavlm_mean_s42.pt

======================================================================
EPOCH 4/25  (lr=0.000300)
======================================================================
dropout probs (start of epoch, evolves per-batch during training): text=25%, audio=15%, video=15%
  step 200/1038  loss=0.1691  auxLoss=0.3792  sentLoss=1.3763  capPenalty=0.0000  entropy=1.0743  running_acc=0.6132
  step 400/1038  loss=0.6245  auxLoss=1.2927  sentLoss=1.2047  capPenalty=0.0000  entropy=1.0311  running_acc=0.5859
  step 600/1038  loss=1.5488  auxLoss=2.1013  sentLoss=1.1942  capPenalty=0.0000  entropy=1.0077  running_acc=0.5848
  step 800/1038  loss=0.0062  auxLoss=0.1972  sentLoss=1.1907  capPenalty=0.0000  entropy=0.9146  running_acc=0.5874
  step 1000/1038  loss=0.2252  auxLoss=0.9115  sentLoss=1.3558  capPenalty=0.0000  entropy=0.9446  running_acc=0.5851
train: loss=0.7706 acc=0.5857 macroF1=0.3406 weightedF1=0.5513 weightEntropy=1.0071/1.0986
train aux accuracy: text=0.6031, audio=0.4813, video=0.4715  sentiment_accuracy=0.3054
val:   loss=0.7761 acc=0.5532 macroF1=0.3489 weightedF1=0.5320  sentiment_accuracy=0.3944  (28s)
  no improvement (1/6)

======================================================================
EPOCH 5/25  (lr=0.000300)
======================================================================
dropout probs (start of epoch, evolves per-batch during training): text=23%, audio=15%, video=15%
  step 200/1038  loss=0.7900  auxLoss=1.3521  sentLoss=1.2094  capPenalty=0.0000  entropy=0.9593  running_acc=0.5854
  step 400/1038  loss=0.6341  auxLoss=1.4090  sentLoss=1.2098  capPenalty=0.0000  entropy=0.9779  running_acc=0.5920
  step 600/1038  loss=0.0406  auxLoss=1.9172  sentLoss=0.8442  capPenalty=0.0000  entropy=0.9901  running_acc=0.5922
  step 800/1038  loss=0.8176  auxLoss=1.3175  sentLoss=1.2489  capPenalty=0.0000  entropy=1.0540  running_acc=0.5980
  step 1000/1038  loss=0.8509  auxLoss=1.8012  sentLoss=1.0912  capPenalty=0.0000  entropy=1.0003  running_acc=0.5945
train: loss=0.7463 acc=0.5950 macroF1=0.3570 weightedF1=0.5640 weightEntropy=0.9892/1.0986
train aux accuracy: text=0.6118, audio=0.4782, video=0.4715  sentiment_accuracy=0.3008
val:   loss=0.8348 acc=0.5298 macroF1=0.3670 weightedF1=0.5265  sentiment_accuracy=0.3556  (28s)
  no improvement (2/6)

======================================================================
EPOCH 6/25  (lr=0.000300)
======================================================================
dropout probs (start of epoch, evolves per-batch during training): text=26%, audio=15%, video=15%
  step 200/1038  loss=1.2598  auxLoss=3.2584  sentLoss=1.9233  capPenalty=0.0000  entropy=0.9896  running_acc=0.6116
  step 400/1038  loss=0.4335  auxLoss=0.8994  sentLoss=1.5901  capPenalty=0.0000  entropy=0.9718  running_acc=0.6128
  step 600/1038  loss=1.0254  auxLoss=1.6890  sentLoss=1.2707  capPenalty=0.0000  entropy=1.0341  running_acc=0.6105
  step 800/1038  loss=1.0728  auxLoss=1.9377  sentLoss=1.1343  capPenalty=0.0000  entropy=0.9304  running_acc=0.6062
  step 1000/1038  loss=0.0491  auxLoss=0.3477  sentLoss=1.5288  capPenalty=0.0000  entropy=1.0260  running_acc=0.5985
train: loss=0.7278 acc=0.5985 macroF1=0.3728 weightedF1=0.5729 weightEntropy=0.9965/1.0986
train aux accuracy: text=0.6158, audio=0.4793, video=0.4715  sentiment_accuracy=0.2806
val:   loss=0.7628 acc=0.5894 macroF1=0.3750 weightedF1=0.5574  sentiment_accuracy=0.3249  (29s)
  -> new best model saved to /kaggle/temp/repo/models/ft_L1_wavlm_mean_s42.pt

======================================================================
EPOCH 7/25  (lr=0.000300)
======================================================================
dropout probs (start of epoch, evolves per-batch during training): text=26%, audio=15%, video=15%
  step 200/1038  loss=4.3234  auxLoss=4.0187  sentLoss=1.0506  capPenalty=0.0000  entropy=1.0486  running_acc=0.6015
  step 400/1038  loss=0.7718  auxLoss=1.3886  sentLoss=1.3284  capPenalty=0.0000  entropy=1.0497  running_acc=0.6080
  step 600/1038  loss=0.5016  auxLoss=0.8759  sentLoss=1.0943  capPenalty=0.0000  entropy=0.9963  running_acc=0.5997
  step 800/1038  loss=0.0067  auxLoss=0.2582  sentLoss=1.3264  capPenalty=0.0000  entropy=1.0024  running_acc=0.5976
  step 1000/1038  loss=2.5286  auxLoss=2.6066  sentLoss=1.0577  capPenalty=0.0000  entropy=0.9837  running_acc=0.6041
train: loss=0.7064 acc=0.6048 macroF1=0.3955 weightedF1=0.5829 weightEntropy=0.9929/1.0986
train aux accuracy: text=0.6242, audio=0.4845, video=0.4715  sentiment_accuracy=0.2747
val:   loss=0.7585 acc=0.5785 macroF1=0.3946 weightedF1=0.5634  sentiment_accuracy=0.3096  (28s)
  -> new best model saved to /kaggle/temp/repo/models/ft_L1_wavlm_mean_s42.pt

======================================================================
EPOCH 8/25  (lr=0.000300)
======================================================================
dropout probs (start of epoch, evolves per-batch during training): text=25%, audio=15%, video=15%
  step 200/1038  loss=1.0947  auxLoss=1.4708  sentLoss=1.3430  capPenalty=0.0000  entropy=1.0479  running_acc=0.6029
  step 400/1038  loss=0.3418  auxLoss=1.1691  sentLoss=1.0417  capPenalty=0.0000  entropy=0.9904  running_acc=0.6106
  step 600/1038  loss=0.5837  auxLoss=1.6329  sentLoss=1.1530  capPenalty=0.0000  entropy=0.9588  running_acc=0.6092
  step 800/1038  loss=0.6310  auxLoss=1.1826  sentLoss=1.2213  capPenalty=0.0000  entropy=1.0039  running_acc=0.6132
  step 1000/1038  loss=0.6275  auxLoss=1.1724  sentLoss=1.2609  capPenalty=0.0000  entropy=1.0014  running_acc=0.6157
train: loss=0.6816 acc=0.6158 macroF1=0.4218 weightedF1=0.5946 weightEntropy=0.9794/1.0986
train aux accuracy: text=0.6271, audio=0.4839, video=0.4715  sentiment_accuracy=0.2623
val:   loss=0.8109 acc=0.5235 macroF1=0.3617 weightedF1=0.5230  sentiment_accuracy=0.2969  (28s)
  no improvement (1/6)

======================================================================
EPOCH 9/25  (lr=0.000300)
======================================================================
dropout probs (start of epoch, evolves per-batch during training): text=25%, audio=15%, video=15%
  step 200/1038  loss=0.6997  auxLoss=1.1535  sentLoss=1.3481  capPenalty=0.0000  entropy=0.9905  running_acc=0.6238
  step 400/1038  loss=0.9192  auxLoss=2.0298  sentLoss=0.9941  capPenalty=0.0000  entropy=0.8713  running_acc=0.6297
  step 600/1038  loss=0.2448  auxLoss=1.1568  sentLoss=1.1648  capPenalty=0.0000  entropy=0.9886  running_acc=0.6227
  step 800/1038  loss=2.0809  auxLoss=3.2373  sentLoss=1.3392  capPenalty=0.0000  entropy=1.0835  running_acc=0.6205
  step 1000/1038  loss=0.0325  auxLoss=1.3342  sentLoss=1.0293  capPenalty=0.0000  entropy=1.0468  running_acc=0.6234
train: loss=0.6695 acc=0.6249 macroF1=0.4368 weightedF1=0.6051 weightEntropy=0.9809/1.0986
train aux accuracy: text=0.6362, audio=0.4868, video=0.4716  sentiment_accuracy=0.2962
val:   loss=0.7836 acc=0.5740 macroF1=0.4220 weightedF1=0.5653  sentiment_accuracy=0.3285  (28s)
  -> new best model saved to /kaggle/temp/repo/models/ft_L1_wavlm_mean_s42.pt

======================================================================
EPOCH 10/25  (lr=0.000300)
======================================================================
dropout probs (start of epoch, evolves per-batch during training): text=26%, audio=15%, video=15%
  step 200/1038  loss=0.0865  auxLoss=1.0487  sentLoss=1.1154  capPenalty=0.0000  entropy=0.9825  running_acc=0.6346
  step 400/1038  loss=0.6493  auxLoss=1.1950  sentLoss=1.3080  capPenalty=0.0000  entropy=0.9123  running_acc=0.6365
  step 600/1038  loss=0.0379  auxLoss=0.5542  sentLoss=1.2239  capPenalty=0.0000  entropy=0.9853  running_acc=0.6377
  step 800/1038  loss=1.4883  auxLoss=2.3415  sentLoss=1.0496  capPenalty=0.0000  entropy=0.9846  running_acc=0.6338
  step 1000/1038  loss=0.9654  auxLoss=1.2396  sentLoss=1.3831  capPenalty=0.0000  entropy=0.9353  running_acc=0.6333
train: loss=0.6375 acc=0.6323 macroF1=0.4635 weightedF1=0.6146 weightEntropy=0.9886/1.0986
train aux accuracy: text=0.6419, audio=0.4850, video=0.4715  sentiment_accuracy=0.2808
val:   loss=0.7794 acc=0.5523 macroF1=0.4016 weightedF1=0.5481  sentiment_accuracy=0.3285  (28s)
  no improvement (1/6)

======================================================================
EPOCH 11/25  (lr=0.000300)
======================================================================
dropout probs (start of epoch, evolves per-batch during training): text=28%, audio=15%, video=15%
  step 200/1038  loss=0.5091  auxLoss=1.3611  sentLoss=1.1731  capPenalty=0.0000  entropy=0.9826  running_acc=0.6149
  step 400/1038  loss=0.0585  auxLoss=0.6519  sentLoss=0.8430  capPenalty=0.0000  entropy=0.9974  running_acc=0.6315
  step 600/1038  loss=0.0413  auxLoss=0.9600  sentLoss=1.3468  capPenalty=0.0044  entropy=0.8380  running_acc=0.6267
  step 800/1038  loss=0.7302  auxLoss=1.1419  sentLoss=1.4707  capPenalty=0.0000  entropy=1.0084  running_acc=0.6255
  step 1000/1038  loss=0.7884  auxLoss=1.5563  sentLoss=1.1257  capPenalty=0.0000  entropy=0.9696  running_acc=0.6291
train: loss=0.6287 acc=0.6313 macroF1=0.4701 weightedF1=0.6140 weightEntropy=0.9728/1.0986
train aux accuracy: text=0.6491, audio=0.4796, video=0.4708  sentiment_accuracy=0.2621
val:   loss=0.8622 acc=0.5821 macroF1=0.4094 weightedF1=0.5576  sentiment_accuracy=0.2780  (28s)
  no improvement (2/6)

======================================================================
EPOCH 12/25  (lr=0.000300)
======================================================================
dropout probs (start of epoch, evolves per-batch during training): text=27%, audio=15%, video=15%
  step 200/1038  loss=1.3910  auxLoss=1.6293  sentLoss=1.4098  capPenalty=0.0000  entropy=0.9541  running_acc=0.6614
  step 400/1038  loss=0.5343  auxLoss=1.4087  sentLoss=0.9717  capPenalty=0.0000  entropy=1.0027  running_acc=0.6525
  step 600/1038  loss=0.0052  auxLoss=0.1861  sentLoss=1.1775  capPenalty=0.0000  entropy=1.0090  running_acc=0.6491
  step 800/1038  loss=2.1758  auxLoss=2.5241  sentLoss=1.0548  capPenalty=0.0000  entropy=0.9771  running_acc=0.6497
  step 1000/1038  loss=1.5768  auxLoss=1.9718  sentLoss=1.0587  capPenalty=0.0000  entropy=0.9243  running_acc=0.6542
train: loss=0.6137 acc=0.6557 macroF1=0.5013 weightedF1=0.6392 weightEntropy=0.9794/1.0986
train aux accuracy: text=0.6693, audio=0.4888, video=0.4715  sentiment_accuracy=0.2494
val:   loss=0.8774 acc=0.5659 macroF1=0.4073 weightedF1=0.5481  sentiment_accuracy=0.2726  (28s)
  no improvement (3/6)

======================================================================
EPOCH 13/25  (lr=0.000150)
======================================================================
dropout probs (start of epoch, evolves per-batch during training): text=28%, audio=15%, video=15%
  step 200/1038  loss=1.4567  auxLoss=2.0501  sentLoss=1.2356  capPenalty=0.0013  entropy=0.8680  running_acc=0.6933
  step 400/1038  loss=0.0032  auxLoss=0.4460  sentLoss=1.1618  capPenalty=0.0000  entropy=0.9510  running_acc=0.7010
  step 600/1038  loss=1.3919  auxLoss=1.9478  sentLoss=1.2057  capPenalty=0.0000  entropy=1.0126  running_acc=0.6965
  step 800/1038  loss=1.3601  auxLoss=2.1447  sentLoss=1.0560  capPenalty=0.0000  entropy=0.9011  running_acc=0.6937
  step 1000/1038  loss=0.6532  auxLoss=1.5503  sentLoss=1.1884  capPenalty=0.0000  entropy=1.0358  running_acc=0.6908
train: loss=0.5406 acc=0.6906 macroF1=0.5696 weightedF1=0.6784 weightEntropy=0.9729/1.0986
train aux accuracy: text=0.6865, audio=0.4973, video=0.4710  sentiment_accuracy=0.2273
val:   loss=0.8690 acc=0.5560 macroF1=0.4278 weightedF1=0.5512  sentiment_accuracy=0.2590  (28s)
  no improvement (4/6)

======================================================================
EPOCH 14/25  (lr=0.000150)
======================================================================
dropout probs (start of epoch, evolves per-batch during training): text=29%, audio=15%, video=15%
  step 200/1038  loss=0.7764  auxLoss=1.8088  sentLoss=1.1779  capPenalty=0.0000  entropy=0.8875  running_acc=0.6872
  step 400/1038  loss=1.3650  auxLoss=1.8951  sentLoss=1.2341  capPenalty=0.0000  entropy=0.9147  running_acc=0.6965
  step 600/1038  loss=0.6166  auxLoss=1.3596  sentLoss=1.2608  capPenalty=0.0000  entropy=0.9377  running_acc=0.6942
  step 800/1038  loss=5.3868  auxLoss=3.5346  sentLoss=1.0471  capPenalty=0.0000  entropy=0.9200  running_acc=0.6886
  step 1000/1038  loss=0.0039  auxLoss=0.5186  sentLoss=1.1665  capPenalty=0.0000  entropy=0.9522  running_acc=0.6938
train: loss=0.5350 acc=0.6925 macroF1=0.5797 weightedF1=0.6815 weightEntropy=0.9671/1.0986
train aux accuracy: text=0.6885, audio=0.5008, video=0.4705  sentiment_accuracy=0.2212
val:   loss=0.8695 acc=0.5740 macroF1=0.4299 weightedF1=0.5629  sentiment_accuracy=0.2662  (28s)
  no improvement (5/6)

======================================================================
EPOCH 15/25  (lr=0.000150)
======================================================================
dropout probs (start of epoch, evolves per-batch during training): text=28%, audio=15%, video=15%
  step 200/1038  loss=0.0120  auxLoss=0.7019  sentLoss=1.2322  capPenalty=0.0000  entropy=0.9175  running_acc=0.6894
  step 400/1038  loss=0.0136  auxLoss=1.6727  sentLoss=1.3836  capPenalty=0.0000  entropy=1.0451  running_acc=0.6906
  step 600/1038  loss=1.5454  auxLoss=1.8158  sentLoss=1.3554  capPenalty=0.0000  entropy=0.8924  running_acc=0.7022
  step 800/1038  loss=0.2086  auxLoss=1.1591  sentLoss=1.3163  capPenalty=0.0000  entropy=0.9620  running_acc=0.7097
  step 1000/1038  loss=0.0040  auxLoss=0.8883  sentLoss=1.2258  capPenalty=0.0000  entropy=0.8978  running_acc=0.7128
train: loss=0.4821 acc=0.7131 macroF1=0.6113 weightedF1=0.7023 weightEntropy=0.9559/1.0986
train aux accuracy: text=0.7020, audio=0.5035, video=0.4712  sentiment_accuracy=0.2258
val:   loss=0.9797 acc=0.5749 macroF1=0.4029 weightedF1=0.5516  sentiment_accuracy=0.2744  (28s)
  no improvement (6/6)

Early stopping triggered.

======================================================================
TRAINING COMPLETE (7.1 min)
Best epoch: 9   Best val weighted F1: 0.5653
Checkpoint: /kaggle/temp/repo/models/ft_L1_wavlm_mean_s42.pt
======================================================================

Final validation class-wise report:
              precision    recall  f1-score   support

     neutral     0.7058    0.7313    0.7183       469
    surprise     0.5158    0.6533    0.5765       150
        fear     0.3846    0.1250    0.1887        40
     sadness     0.5179    0.2613    0.3473       111
         joy     0.5590    0.5521    0.5556       163
     disgust     0.1379    0.1818    0.1569        22
       anger     0.3873    0.4379    0.4110       153

    accuracy                         0.5740      1108
   macro avg     0.4583    0.4204    0.4220      1108
weighted avg     0.5728    0.5740    0.5653      1108

